[    0.000000] Initializing cgroup subsys cpuset
[    0.000000] Initializing cgroup subsys cpu
[    0.000000] Initializing cgroup subsys cpuacct
[    0.000000] Linux version 4.4.0-171-generic (buildd@lcy01-amd64-018) (gcc version 5.4.0 20160609 (Ubuntu 5.4.0-6ubuntu1~16.04.12) ) #200-Ubuntu SMP Tue Dec 3 11:04:55 UTC 2019 (Ubuntu 4.4.0-171.200-generic 4.4.203)
[    0.000000] Command line: BOOT_IMAGE=/boot/vmlinuz-4.4.0-171-generic root=LABEL=cloudimg-rootfs ro console=tty1 console=ttyS0
[    0.000000] KERNEL supported cpus:
[    0.000000]   Intel GenuineIntel
[    0.000000]   AMD AuthenticAMD
[    0.000000]   Centaur CentaurHauls
[    0.000000] x86/fpu: xstate_offset[2]:  576, xstate_sizes[2]:  256
[    0.000000] x86/fpu: Supporting XSAVE feature 0x01: 'x87 floating point registers'
[    0.000000] x86/fpu: Supporting XSAVE feature 0x02: 'SSE registers'
[    0.000000] x86/fpu: Supporting XSAVE feature 0x04: 'AVX registers'
[    0.000000] x86/fpu: Enabled xstate features 0x7, context size is 832 bytes, using 'standard' format.
[    0.000000] e820: BIOS-provided physical RAM map:
[    0.000000] BIOS-e820: [mem 0x0000000000000000-0x000000000009fbff] usable
[    0.000000] BIOS-e820: [mem 0x000000000009fc00-0x000000000009ffff] reserved
[    0.000000] BIOS-e820: [mem 0x00000000000f0000-0x00000000000fffff] reserved
[    0.000000] BIOS-e820: [mem 0x0000000000100000-0x000000003ffeffff] usable
[    0.000000] BIOS-e820: [mem 0x000000003fff0000-0x000000003fffffff] ACPI data
[    0.000000] BIOS-e820: [mem 0x00000000fec00000-0x00000000fec00fff] reserved
[    0.000000] BIOS-e820: [mem 0x00000000fee00000-0x00000000fee00fff] reserved
[    0.000000] BIOS-e820: [mem 0x00000000fffc0000-0x00000000ffffffff] reserved
[    0.000000] NX (Execute Disable) protection: active
[    0.000000] SMBIOS 2.5 present.
[    0.000000] Hypervisor detected: KVM
[    0.000000] e820: last_pfn = 0x3fff0 max_arch_pfn = 0x400000000
[    0.000000] MTRR: Disabled
[    0.000000] x86/PAT: MTRRs disabled, skipping PAT initialization too.
[    0.000000] CPU MTRRs all blank - virtualized system.
[    0.000000] x86/PAT: Configuration [0-7]: WB  WT  UC- UC  WB  WT  UC- UC  
[    0.000000] found SMP MP-table at [mem 0x0009fff0-0x0009ffff] mapped at [ffff88000009fff0]
[    0.000000] Scanning 1 areas for low memory corruption
[    0.000000] RAMDISK: [mem 0x362e2000-0x37168fff]
[    0.000000] ACPI: Early table checksum verification disabled
[    0.000000] ACPI: RSDP 0x00000000000E0000 000024 (v02 VBOX  )
[    0.000000] ACPI: XSDT 0x000000003FFF0030 00003C (v01 VBOX   VBOXXSDT 00000001 ASL  00000061)
[    0.000000] ACPI: FACP 0x000000003FFF00F0 0000F4 (v04 VBOX   VBOXFACP 00000001 ASL  00000061)
[    0.000000] ACPI: DSDT 0x000000003FFF0470 002325 (v02 VBOX   VBOXBIOS 00000002 INTL 20100528)
[    0.000000] ACPI: FACS 0x000000003FFF0200 000040
[    0.000000] ACPI: FACS 0x000000003FFF0200 000040
[    0.000000] ACPI: APIC 0x000000003FFF0240 00005C (v02 VBOX   VBOXAPIC 00000001 ASL  00000061)
[    0.000000] ACPI: SSDT 0x000000003FFF02A0 0001CC (v01 VBOX   VBOXCPUT 00000002 INTL 20100528)
[    0.000000] No NUMA configuration found
[    0.000000] Faking a node at [mem 0x0000000000000000-0x000000003ffeffff]
[    0.000000] NODE_DATA(0) allocated [mem 0x3ffeb000-0x3ffeffff]
[    0.000000] kvm-clock: Using msrs 4b564d01 and 4b564d00
[    0.000000] kvm-clock: cpu 0, msr 0:3ffe3001, primary cpu clock
[    0.000000] kvm-clock: using sched offset of 4841217459 cycles
[    0.000000] clocksource: kvm-clock: mask: 0xffffffffffffffff max_cycles: 0x1cd42e4dffb, max_idle_ns: 881590591483 ns
[    0.000000] Zone ranges:
[    0.000000]   DMA      [mem 0x0000000000001000-0x0000000000ffffff]
[    0.000000]   DMA32    [mem 0x0000000001000000-0x000000003ffeffff]
[    0.000000]   Normal   empty
[    0.000000]   Device   empty
[    0.000000] Movable zone start for each node
[    0.000000] Early memory node ranges
[    0.000000]   node   0: [mem 0x0000000000001000-0x000000000009efff]
[    0.000000]   node   0: [mem 0x0000000000100000-0x000000003ffeffff]
[    0.000000] Initmem setup node 0 [mem 0x0000000000001000-0x000000003ffeffff]
[    0.000000] ACPI: PM-Timer IO Port: 0x4008
[    0.000000] IOAPIC[0]: apic_id 2, version 32, address 0xfec00000, GSI 0-23
[    0.000000] ACPI: INT_SRC_OVR (bus 0 bus_irq 0 global_irq 2 dfl dfl)
[    0.000000] ACPI: INT_SRC_OVR (bus 0 bus_irq 9 global_irq 9 low level)
[    0.000000] Using ACPI (MADT) for SMP configuration information
[    0.000000] smpboot: Allowing 2 CPUs, 0 hotplug CPUs
[    0.000000] PM: Registered nosave memory: [mem 0x00000000-0x00000fff]
[    0.000000] PM: Registered nosave memory: [mem 0x0009f000-0x0009ffff]
[    0.000000] PM: Registered nosave memory: [mem 0x000a0000-0x000effff]
[    0.000000] PM: Registered nosave memory: [mem 0x000f0000-0x000fffff]
[    0.000000] e820: [mem 0x40000000-0xfebfffff] available for PCI devices
[    0.000000] Booting paravirtualized kernel on KVM
[    0.000000] clocksource: refined-jiffies: mask: 0xffffffff max_cycles: 0xffffffff, max_idle_ns: 7645519600211568 ns
[    0.000000] setup_percpu: NR_CPUS:512 nr_cpumask_bits:512 nr_cpu_ids:2 nr_node_ids:1
[    0.000000] PERCPU: Embedded 33 pages/cpu @ffff88003fc00000 s95448 r8192 d31528 u1048576
[    0.000000] Built 1 zonelists in Node order, mobility grouping on.  Total pages: 257912
[    0.000000] Policy zone: DMA32
[    0.000000] Kernel command line: BOOT_IMAGE=/boot/vmlinuz-4.4.0-171-generic root=LABEL=cloudimg-rootfs ro console=tty1 console=ttyS0
[    0.000000] PID hash table entries: 4096 (order: 3, 32768 bytes)
[    0.000000] Memory: 997680K/1048120K available (8626K kernel code, 1336K rwdata, 4032K rodata, 1488K init, 1288K bss, 50440K reserved, 0K cma-reserved)
[    0.000000] SLUB: HWalign=64, Order=0-3, MinObjects=0, CPUs=2, Nodes=1
[    0.000000] Kernel/User page tables isolation: enabled
[    0.000000] Hierarchical RCU implementation.
[    0.000000] 	Build-time adjustment of leaf fanout to 64.
[    0.000000] 	RCU restricting CPUs from NR_CPUS=512 to nr_cpu_ids=2.
[    0.000000] RCU: Adjusting geometry for rcu_fanout_leaf=64, nr_cpu_ids=2
[    0.000000] NR_IRQS:33024 nr_irqs:440 16
[    0.000000] Console: colour VGA+ 80x25
[    0.000000] console [tty1] enabled
[    0.000000] console [ttyS0] enabled
[    0.000000] tsc: Detected 2400.000 MHz processor
[    0.363650] Calibrating delay loop (skipped) preset value.. 4800.00 BogoMIPS (lpj=9600000)
[    0.368311] pid_max: default: 32768 minimum: 301
[    0.370533] ACPI: Core revision 20150930
[    0.375490] ACPI: 2 ACPI AML tables successfully acquired and loaded
[    0.378207] Security Framework initialized
[    0.380044] Yama: becoming mindful.
[    0.381236] AppArmor: AppArmor initialized
[    0.383185] Dentry cache hash table entries: 131072 (order: 8, 1048576 bytes)
[    0.388761] Inode-cache hash table entries: 65536 (order: 7, 524288 bytes)
[    0.392313] Mount-cache hash table entries: 2048 (order: 2, 16384 bytes)
[    0.395148] Mountpoint-cache hash table entries: 2048 (order: 2, 16384 bytes)
[    0.398404] Initializing cgroup subsys io
[    0.400232] Initializing cgroup subsys memory
[    0.403037] Initializing cgroup subsys devices
[    0.406481] Initializing cgroup subsys freezer
[    0.409581] Initializing cgroup subsys net_cls
[    0.411475] Initializing cgroup subsys perf_event
[    0.415923] Initializing cgroup subsys net_prio
[    0.417719] Initializing cgroup subsys hugetlb
[    0.419406] Initializing cgroup subsys pids
[    0.423913] mce: CPU supports 0 MCE banks
[    0.428629] Last level iTLB entries: 4KB 1024, 2MB 1024, 4MB 1024
[    0.432528] Last level dTLB entries: 4KB 1024, 2MB 1024, 4MB 1024, 1GB 4
[    0.435898] Spectre V1 : Mitigation: usercopy/swapgs barriers and __user pointer sanitization
[    0.440250] Spectre V2 : Mitigation: Full generic retpoline
[    0.443256] Spectre V2 : Spectre v2 / SpectreRSB mitigation: Filling RSB on context switch
[    0.447287] Speculative Store Bypass: Vulnerable
[    0.452046] MDS: Mitigation: Clear CPU buffers
[    0.465791] Freeing SMP alternatives memory: 36K
[    0.485181] ftrace: allocating 32302 entries in 127 pages
[    0.598589] smpboot: APIC(0) Converting physical 0 to logical package 0
[    0.607221] smpboot: Max logical packages: 1
[    0.611568] x2apic enabled
[    0.613116] Switched APIC routing to physical x2apic.
[    0.616732] ..TIMER: vector=0x30 apic1=0 pin1=2 apic2=-1 pin2=-1
[    0.727583] smpboot: CPU0: Intel(R) Core(TM) i5-4258U CPU @ 2.40GHz (family: 0x6, model: 0x45, stepping: 0x1)
[    0.739090] Performance Events: unsupported p6 CPU model 69 no PMU driver, software events only.
[    0.782744] KVM setup paravirtual spinlock
[    0.788387] x86: Booting SMP configuration:
[    0.790273] .... node  #0, CPUs:      #1
[    0.794298] kvm-clock: cpu 1, msr 0:3ffe3041, secondary cpu clock
[    0.797218] mce: CPU supports 0 MCE banks
[    0.816150] x86: Booted up 1 node, 2 CPUs
[    0.821792] smpboot: Total of 2 processors activated (9600.00 BogoMIPS)
[    0.826507] devtmpfs: initialized
[    0.830086] evm: security.selinux
[    0.831870] evm: security.SMACK64
[    0.833487] evm: security.SMACK64EXEC
[    0.837174] evm: security.SMACK64TRANSMUTE
[    0.848947] evm: security.SMACK64MMAP
[    0.850608] evm: security.ima
[    0.855795] evm: security.capability
[    0.862197] clocksource: jiffies: mask: 0xffffffff max_cycles: 0xffffffff, max_idle_ns: 7645041785100000 ns
[    0.870593] futex hash table entries: 512 (order: 3, 32768 bytes)
[    0.873589] pinctrl core: initialized pinctrl subsystem
[    0.875756] RTC time: 17:46:43, date: 01/09/20
[    0.878745] NET: Registered protocol family 16
[    0.890964] cpuidle: using governor ladder
[    0.906704] cpuidle: using governor menu
[    0.911932] PCCT header not found.
[    0.914448] ACPI: bus type PCI registered
[    0.919634] acpiphp: ACPI Hot Plug PCI Controller Driver version: 0.5
[    0.925189] PCI: Using configuration type 1 for base access
[    0.949358] ACPI: Added _OSI(Module Device)
[    0.959521] ACPI: Added _OSI(Processor Device)
[    0.965849] ACPI: Added _OSI(3.0 _SCP Extensions)
[    0.973363] ACPI: Added _OSI(Processor Aggregator Device)
[    0.982322] ACPI: Executed 1 blocks of module-level executable AML code
[    0.998562] ACPI: Interpreter enabled
[    1.002801] ACPI: (supports S0 S5)
[    1.007720] ACPI: Using IOAPIC for interrupt routing
[    1.011746] PCI: Using host bridge windows from ACPI; if necessary, use "pci=nocrs" and report a bug
[    1.029328] ACPI: PCI Root Bridge [PCI0] (domain 0000 [bus 00-ff])
[    1.033838] acpi PNP0A03:00: _OSC: OS supports [ASPM ClockPM Segments MSI]
[    1.040078] acpi PNP0A03:00: _OSC: not requesting OS control; OS requires [ExtendedConfig ASPM ClockPM MSI]
[    1.049098] acpi PNP0A03:00: fail to add MMCONFIG information, can't access extended PCI configuration space under this bridge.
[    1.059034] PCI host bridge to bus 0000:00
[    1.061238] pci_bus 0000:00: root bus resource [io  0x0000-0x0cf7 window]
[    1.071365] pci_bus 0000:00: root bus resource [io  0x0d00-0xffff window]
[    1.074488] pci_bus 0000:00: root bus resource [mem 0x000a0000-0x000bffff window]
[    1.077725] pci_bus 0000:00: root bus resource [mem 0x40000000-0xfdffffff window]
[    1.081988] pci_bus 0000:00: root bus resource [bus 00-ff]
[    1.091505] pci 0000:00:01.1: legacy IDE quirk: reg 0x10: [io  0x01f0-0x01f7]
[    1.096967] pci 0000:00:01.1: legacy IDE quirk: reg 0x14: [io  0x03f6]
[    1.105520] pci 0000:00:01.1: legacy IDE quirk: reg 0x18: [io  0x0170-0x0177]
[    1.108317] pci 0000:00:01.1: legacy IDE quirk: reg 0x1c: [io  0x0376]
[    1.146905] pci 0000:00:07.0: quirk: [io  0x4000-0x403f] claimed by PIIX4 ACPI
[    1.149923] pci 0000:00:07.0: quirk: [io  0x4100-0x410f] claimed by PIIX4 SMB
[    1.181705] ACPI: PCI Interrupt Link [LNKA] (IRQs 5 9 10 *11)
[    1.184739] ACPI: PCI Interrupt Link [LNKB] (IRQs 5 9 *10 11)
[    1.187158] ACPI: PCI Interrupt Link [LNKC] (IRQs 5 *9 10 11)
[    1.189779] ACPI: PCI Interrupt Link [LNKD] (IRQs 5 9 10 *11)
[    1.206674] ACPI: Enabled 2 GPEs in block 00 to 07
[    1.216504] vgaarb: setting as boot device: PCI:0000:00:02.0
[    1.220064] vgaarb: device added: PCI:0000:00:02.0,decodes=io+mem,owns=io+mem,locks=none
[    1.244752] vgaarb: loaded
[    1.248744] vgaarb: bridge control possible 0000:00:02.0
[    1.251601] SCSI subsystem initialized
[    1.253371] ACPI: bus type USB registered
[    1.260049] usbcore: registered new interface driver usbfs
[    1.263102] usbcore: registered new interface driver hub
[    1.265200] usbcore: registered new device driver usb
[    1.268716] PCI: Using ACPI for IRQ routing
[    1.273199] NetLabel: Initializing
[    1.274816] NetLabel:  domain hash size = 128
[    1.276364] NetLabel:  protocols = UNLABELED CIPSOv4
[    1.279735] NetLabel:  unlabeled traffic allowed by default
[    1.282556] amd_nb: Cannot enumerate AMD northbridges
[    1.286132] clocksource: Switched to clocksource kvm-clock
[    1.315630] AppArmor: AppArmor Filesystem Enabled
[    1.317437] pnp: PnP ACPI init
[    1.319547] pnp: PnP ACPI: found 3 devices
[    1.333506] clocksource: acpi_pm: mask: 0xffffff max_cycles: 0xffffff, max_idle_ns: 2085701024 ns
[    1.338320] NET: Registered protocol family 2
[    1.339659] TCP established hash table entries: 8192 (order: 4, 65536 bytes)
[    1.341357] TCP bind hash table entries: 8192 (order: 5, 131072 bytes)
[    1.352182] TCP: Hash tables configured (established 8192 bind 8192)
[    1.359067] UDP hash table entries: 512 (order: 2, 16384 bytes)
[    1.360443] UDP-Lite hash table entries: 512 (order: 2, 16384 bytes)
[    1.362009] NET: Registered protocol family 1
[    1.363184] pci 0000:00:00.0: Limiting direct PCI/PCI transfers
[    1.365077] pci 0000:00:01.0: Activating ISA DMA hang workarounds
[    1.369379] Unpacking initramfs...
[    1.630232] Freeing initrd memory: 14876K
[    1.631425] RAPL PMU detected, API unit is 2^-32 Joules, 4 fixed counters 10737418240 ms ovfl timer
[    1.633571] hw unit of domain pp0-core 2^-0 Joules
[    1.635711] hw unit of domain package 2^-0 Joules
[    1.636856] hw unit of domain dram 2^-0 Joules
[    1.638159] hw unit of domain pp1-gpu 2^-0 Joules
[    1.639597] clocksource: tsc: mask: 0xffffffffffffffff max_cycles: 0x22983777dd9, max_idle_ns: 440795300422 ns
[    1.642986] platform rtc_cmos: registered platform RTC device (no PNP device found)
[    1.645685] Scanning for low memory corruption every 60 seconds
[    1.647884] audit: initializing netlink subsys (disabled)
[    1.649567] audit: type=2000 audit(1578592010.174:1): initialized
[    1.652515] Initialise system trusted keyring
[    1.654183] HugeTLB registered 2 MB page size, pre-allocated 0 pages
[    1.656958] zbud: loaded
[    1.658121] VFS: Disk quotas dquot_6.6.0
[    1.659224] VFS: Dquot-cache hash table entries: 512 (order 0, 4096 bytes)
[    1.661248] squashfs: version 4.0 (2009/01/31) Phillip Lougher
[    1.663128] fuse init (API version 7.23)
[    1.664745] Key type big_key registered
[    1.665806] Allocating IMA MOK and blacklist keyrings.
[    1.669432] Key type asymmetric registered
[    1.670639] Asymmetric key parser 'x509' registered
[    1.671918] Block layer SCSI generic (bsg) driver version 0.4 loaded (major 249)
[    1.674111] io scheduler noop registered
[    1.675439] io scheduler deadline registered (default)
[    1.676711] io scheduler cfq registered
[    1.677794] pci_hotplug: PCI Hot Plug PCI Core version: 0.5
[    1.679589] pciehp: PCI Express Hot Plug Controller Driver version: 0.4
[    1.681673] ACPI: AC Adapter [AC] (on-line)
[    1.682914] input: Power Button as /devices/LNXSYSTM:00/LNXPWRBN:00/input/input0
[    1.685231] ACPI: Power Button [PWRF]
[    1.686315] input: Sleep Button as /devices/LNXSYSTM:00/LNXSLPBN:00/input/input1
[    1.688214] ACPI: Sleep Button [SLPF]
[    1.690305] GHES: HEST is not enabled!
[    1.692934] ACPI: Battery Slot [BAT0] (battery present)
[    1.692966] Serial: 8250/16550 driver, 32 ports, IRQ sharing enabled
[    1.715647] 00:02: ttyS0 at I/O 0x3f8 (irq = 4, base_baud = 115200) is a 16550A
[    1.724513] Linux agpgart interface v0.103
[    1.728372] loop: module loaded
[    1.729879] scsi host0: ata_piix
[    1.731288] scsi host1: ata_piix
[    1.732248] ata1: PATA max UDMA/33 cmd 0x1f0 ctl 0x3f6 bmdma 0xd000 irq 14
[    1.733822] ata2: PATA max UDMA/33 cmd 0x170 ctl 0x376 bmdma 0xd008 irq 15
[    1.736828] libphy: Fixed MDIO Bus: probed
[    1.738092] tun: Universal TUN/TAP device driver, 1.6
[    1.739888] tun: (C) 1999-2004 Max Krasnyansky <maxk@qualcomm.com>
[    1.744429] PPP generic driver version 2.4.2
[    1.746638] ehci_hcd: USB 2.0 'Enhanced' Host Controller (EHCI) Driver
[    1.748746] ehci-pci: EHCI PCI platform driver
[    1.750309] ehci-platform: EHCI generic platform driver
[    1.752444] ohci_hcd: USB 1.1 'Open' Host Controller (OHCI) Driver
[    1.753896] ohci-pci: OHCI PCI platform driver
[    1.755166] ohci-platform: OHCI generic platform driver
[    1.756425] uhci_hcd: USB Universal Host Controller Interface driver
[    1.757964] i8042: PNP: PS/2 Controller [PNP0303:PS2K,PNP0f03:PS2M] at 0x60,0x64 irq 1,12
[    1.761413] serio: i8042 KBD port at 0x60,0x64 irq 1
[    1.763357] serio: i8042 AUX port at 0x60,0x64 irq 12
[    1.765009] mousedev: PS/2 mouse device common for all mice
[    1.767886] input: AT Translated Set 2 keyboard as /devices/platform/i8042/serio0/input/input2
[    1.770815] rtc_cmos rtc_cmos: rtc core: registered rtc_cmos as rtc0
[    1.772715] rtc_cmos rtc_cmos: alarms up to one day, 114 bytes nvram
[    1.774864] i2c /dev entries driver
[    1.776269] device-mapper: uevent: version 1.0.3
[    1.777983] device-mapper: ioctl: 4.34.0-ioctl (2015-10-28) initialised: dm-devel@redhat.com
[    1.780832] ledtrig-cpu: registered to indicate activity on CPUs
[    1.783935] NET: Registered protocol family 10
[    1.785912] NET: Registered protocol family 17
[    1.787558] Key type dns_resolver registered
[    1.789379] registered taskstats version 1
[    1.790887] Loading compiled-in X.509 certificates
[    1.793231] Loaded X.509 cert 'Build time autogenerated kernel key: e951a32ceec0422669d36e9913b2c7dea5e0a587'
[    1.797344] zswap: loaded using pool lzo/zbud
[    1.802376] Key type trusted registered
[    1.807885] Key type encrypted registered
[    1.809438] AppArmor: AppArmor sha1 policy hashing enabled
[    1.811512] ima: No TPM chip found, activating TPM-bypass!
[    1.813745] ima: Allocated hash algorithm: sha1
[    1.815607] evm: HMAC attrs: 0x1
[    1.817571]   Magic number: 4:683:794
[    1.819168] rtc_cmos rtc_cmos: setting system clock to 2020-01-09 17:46:44 UTC (1578592004)
[    1.821481] BIOS EDD facility v0.16 2004-Jun-25, 0 devices found
[    1.823121] EDD information not available.
[    1.924237] Freeing unused kernel memory: 1488K
[    1.925417] Write protecting the kernel read-only data: 14336k
[    1.927830] Freeing unused kernel memory: 1604K
[    1.929570] Freeing unused kernel memory: 64K
Loading, please wait...
starting version 229
[    1.948368] random: systemd-udevd: uninitialized urandom read (16 bytes read, 3 bits of entropy available)
[    1.948713] random: udevadm: uninitialized urandom read (16 bytes read, 3 bits of entropy available)
[    1.948734] random: udevadm: uninitialized urandom read (16 bytes read, 3 bits of entropy available)
[    1.957051] random: systemd-udevd: uninitialized urandom read (16 bytes read, 3 bits of entropy available)
[    1.961034] random: udevadm: uninitialized urandom read (16 bytes read, 3 bits of entropy available)
[    1.961098] random: udevadm: uninitialized urandom read (16 bytes read, 3 bits of entropy available)
[    1.961278] random: udevadm: uninitialized urandom read (16 bytes read, 3 bits of entropy available)
[    1.961426] random: udevadm: uninitialized urandom read (16 bytes read, 3 bits of entropy available)
[    1.961506] random: udevadm: uninitialized urandom read (16 bytes read, 3 bits of entropy available)
[    1.961581] random: udevadm: uninitialized urandom read (16 bytes read, 3 bits of entropy available)
[    2.044788] e1000: Intel(R) PRO/1000 Network Driver - version 7.3.21-k8-NAPI
[    2.057579] e1000: Copyright (c) 1999-2006 Intel Corporation.
[    2.072512] Fusion MPT base driver 3.04.20
[    2.076646] Copyright (c) 1999-2008 LSI Corporation
[    2.099908] Fusion MPT SPI Host driver 3.04.20
[    2.286625] AVX2 version of gcm_enc/dec engaged.
[    2.292594] AES CTR mode by8 optimization enabled
[    2.377992] input: ImExPS/2 Generic Explorer Mouse as /devices/platform/i8042/serio1/input/input4
[    2.833310] e1000 0000:00:03.0 eth0: (PCI:33MHz:32-bit) 02:d7:6c:25:93:fc
[    2.836215] e1000 0000:00:03.0 eth0: Intel(R) PRO/1000 Network Connection
[    2.838982] mptbase: ioc0: Initiating bringup
[    2.902792] ioc0: LSI53C1030 A0: Capabilities={Initiator}
[    3.083021] scsi host2: ioc0: LSI53C1030 A0, FwRev=00000000h, Ports=1, MaxQ=256, IRQ=20
[    3.198733] scsi 2:0:0:0: Direct-Access     VBOX     HARDDISK         1.0  PQ: 0 ANSI: 5
[    3.202780] scsi target2:0:0: Beginning Domain Validation
[    3.206842] scsi target2:0:0: Domain Validation skipping write tests
[    3.209256] scsi target2:0:0: Ending Domain Validation
[    3.211563] scsi target2:0:0: asynchronous
[    3.216401] scsi 2:0:1:0: Direct-Access     VBOX     HARDDISK         1.0  PQ: 0 ANSI: 5
[    3.233878] scsi target2:0:1: Beginning Domain Validation
[    3.238241] scsi target2:0:1: Domain Validation skipping write tests
[    3.239827] scsi target2:0:1: Ending Domain Validation
[    3.241691] scsi target2:0:1: asynchronous
[    3.259448] sd 2:0:0:0: Attached scsi generic sg0 type 0
[    3.261443] sd 2:0:0:0: [sda] 20971520 512-byte logical blocks: (10.7 GB/10.0 GiB)
[    3.265782] sd 2:0:1:0: [sdb] 20480 512-byte logical blocks: (10.5 MB/10.0 MiB)
[    3.268960] sd 2:0:1:0: Attached scsi generic sg1 type 0
[    3.270919] sd 2:0:1:0: [sdb] Write Protect is off
[    3.272965] sd 2:0:0:0: [sda] Write Protect is off
[    3.274568] sd 2:0:1:0: [sdb] Incomplete mode parameter data
[    3.275991] sd 2:0:1:0: [sdb] Assuming drive cache: write through
[    3.277834] sd 2:0:0:0: [sda] Incomplete mode parameter data
[    3.279455] sd 2:0:0:0: [sda] Assuming drive cache: write through
[    3.284145]  sda: sda1
[    3.285955] sd 2:0:0:0: [sda] Attached SCSI disk
[    3.288566] sd 2:0:1:0: [sdb] Attached SCSI disk
[    3.677171] e1000 0000:00:08.0 eth1: (PCI:33MHz:32-bit) 08:00:27:44:8b:3d
[    3.679261] e1000 0000:00:08.0 eth1: Intel(R) PRO/1000 Network Connection
[    3.682928] e1000 0000:00:03.0 enp0s3: renamed from eth0
[    3.832666] e1000 0000:00:08.0 enp0s8: renamed from eth1
Begin: Loading essential drivers ... [    5.308868] md: linear personality registered for level -1
[    5.317088] md: multipath personality registered for level -4
[    5.322703] md: raid0 personality registered for level 0
[    5.329481] md: raid1 personality registered for level 1
[    5.406298] raid6: sse2x1   gen()  7333 MB/s
[    5.474672] raid6: sse2x1   xor()  6172 MB/s
[    5.542211] raid6: sse2x2   gen() 10102 MB/s
[    5.610218] raid6: sse2x2   xor()  4161 MB/s
[    5.678450] raid6: sse2x4   gen()  9974 MB/s
[    5.746268] raid6: sse2x4   xor()  6714 MB/s
[    5.814654] raid6: avx2x1   gen() 12556 MB/s
[    5.882243] raid6: avx2x2   gen() 14701 MB/s
[    5.950465] raid6: avx2x4   gen() 14981 MB/s
[    5.951573] raid6: using algorithm avx2x4 gen() 14981 MB/s
[    5.953866] raid6: using avx2x2 recovery algorithm
[    5.957331] xor: automatically using best checksumming function:
[    5.999724]    avx       : 29293.000 MB/sec
[    6.003425] async_tx: api initialized (async)
[    6.024797] md: raid6 personality registered for level 6
[    6.032854] md: raid5 personality registered for level 5
[    6.036301] md: raid4 personality registered for level 4
[    6.054763] md: raid10 personality registered for level 10
done.
Begin: Running /scripts/init-premount ... done.
Begin: Mounting root file system ... Begin: Running /scripts/local-top ... done.
Begin: Running /scripts/local-premount ... [    6.132738] Btrfs loaded
Scanning for Btrfs filesystems
done.
Warning: fsck not present, so skipping root file system
[    6.201119] EXT4-fs (sda1): mounted filesystem with ordered data mode. Opts: (null)
done.
Begin: Running /scripts/local-bottom ... done.
Begin: Running /scripts/init-bottom ... done.
[    6.532830] systemd[1]: systemd 229 running in system mode. (+PAM +AUDIT +SELINUX +IMA +APPARMOR +SMACK +SYSVINIT +UTMP +LIBCRYPTSETUP +GCRYPT +GNUTLS +ACL +XZ -LZ4 +SECCOMP +BLKID +ELFUTILS +KMOD -IDN)
[    6.542956] systemd[1]: Detected virtualization oracle.
[    6.546537] systemd[1]: Detected architecture x86-64.

Welcome to [1mUbuntu 16.04.6 LTS[0m!

[    6.556675] systemd[1]: Set hostname to <node-2>.
[    6.942934] systemd[1]: Configuration file /lib/systemd/system/kubelet.service is marked world-inaccessible. This has no effect as configuration data is accessible via APIs without restrictions. Proceeding anyway.
[    6.953481] systemd[1]: Configuration file /etc/systemd/system/kubelet.service.d/10-kubeadm.conf is marked world-inaccessible. This has no effect as configuration data is accessible via APIs without restrictions. Proceeding anyway.
[    6.987552] systemd[1]: Listening on Syslog Socket.
[[0;32m  OK  [0m] Listening on Syslog Socket.
[    6.993001] systemd[1]: Listening on Journal Audit Socket.
[[0;32m  OK  [0m] Listening on Journal Audit Socket.
[    6.998575] systemd[1]: Reached target System Time Synchronized.
[[0;32m  OK  [0m] Reached target System Time Synchronized.
[    7.010731] systemd[1]: Reached target User and Group Name Lookups.
[[0;32m  OK  [0m] Reached target User and Group Name Lookups.
[    7.017722] systemd[1]: Created slice System Slice.
[[0;32m  OK  [0m] Created slice System Slice.
[    7.022786] systemd[1]: Listening on udev Kernel Socket.
[[0;32m  OK  [0m] Listening on udev Kernel Socket.
[    7.035258] systemd[1]: Created slice system-serial\x2dgetty.slice.
[[0;32m  OK  [0m] Created slice system-serial\x2dgetty.slice.
[    7.040145] systemd[1]: Listening on LVM2 metadata daemon socket.
[[0;32m  OK  [0m] Listening on LVM2 metadata daemon socket.
[    7.045148] systemd[1]: Listening on /dev/initctl Compatibility Named Pipe.
[[0;32m  OK  [0m] Listening on /dev/initctl Compatibility Named Pipe.
[    7.049638] systemd[1]: Listening on Journal Socket (/dev/log).
[[0;32m  OK  [0m] Listening on Journal Socket (/dev/log).
[    7.053092] systemd[1]: Reached target Encrypted Volumes.
[[0;32m  OK  [0m] Reached target Encrypted Volumes.
[    7.057717] systemd[1]: Listening on Journal Socket.
[[0;32m  OK  [0m] Listening on Journal Socket.
[    7.082748] systemd[1]: Starting Create list of required static device nodes for the current kernel...
         Starting Create list of required st... nodes for the current kernel...
[    7.095792] systemd[1]: Starting Uncomplicated firewall...
         Starting Uncomplicated firewall...
[    7.107406] systemd[1]: Mounting Debug File System...
         Mounting Debug File System...
[    7.114623] systemd[1]: Mounting RPC Pipe File System...
         Mounting RPC Pipe File System...
[    7.123204] systemd[1]: Listening on Device-mapper event daemon FIFOs.
[[0;32m  OK  [0m] Listening on Device-mapper event daemon FIFOs.
[    7.133878] systemd[1]: Starting Monitoring of LVM2 mirrors, snapshots etc. using dmeventd or progress polling...
         Starting Monitoring of LVM2 mirrors... dmeventd or progress polling...
[    7.146448] systemd[1]: Listening on LVM2 poll daemon socket.
[[0;32m  OK  [0[    7.150921] RPC: Registered named UNIX socket transport module.
m] Listening on LVM2 poll daemon socket.
[    7.154501] RPC: Registered udp transport module.
[    7.159343] RPC: Registered tcp transport module.
[    7.163732] RPC: Registered tcp NFSv4.1 backchannel transport module.
[    7.168912] systemd[1]: Starting Journal Service...
         Starting Journal Service...
[    7.194943] systemd[1]: Started Trigger resolvconf update for networkd DNS.
[[0;32m  OK  [0m] Started Trigger resolvconf update for networkd DNS.
[    7.202994] systemd[1]: Set up automount Arbitrary Executable File Formats File System Automount Point.
[[0;32m  OK  [0m] Set up automount Arbitrary Executab...ats File System Automount Point.
[    7.223999] systemd[1]: Listening on udev Control Socket.
[[0;32m  OK  [0m] Listening on udev Control Socket.
[    7.247005] systemd[1]: Starting Nameserver information manager...
         Starting Nameserver information manager...
[    7.257096] systemd[1]: Starting Set console keymap...
         Starting Set console keymap...
[    7.264291] systemd[1]: Mounting POSIX Message Queue File System...
         Mounting POSIX Message Queue File System...
[    7.284177] systemd[1]: Mounting Huge Pages File System...
         Mounting Huge Pages File System...
[    7.289960] systemd[1]: Reached target Swap.
[[0;32m  OK  [0m] Reached target Swap.
[    7.301782] systemd[1]: Starting Load Kernel Modules...
         Starting Load Kernel Modules...
[    7.319231] systemd[1]: Starting Remount Root and Kernel File Systems...
[    7.327104] EXT4-fs (sda1): re-mounted. Opts: (null)
         Starting Remount Root and Kernel File Systems...
[    7.349533] systemd[1]: Started Forward Password Requests to Wall Directory Watch.
[    7.356683] Loading iSCSI transport class v2.0-870.
[[0;32m  OK  [0m] Started Forward Password Requests to Wall Directory Watch.
[    7.363244] systemd[1]: Created slice User and Session Slice.
[[0;32m  OK  [0m] Created slice User and Session Slice.
[    7.374635] systemd[1]: Reached target Slices.
[    7.377573] iscsi: registered transport (tcp)
[[0;32m  OK  [0m] Reached target Slices.
[    7.405891] systemd[1]: Mounted RPC Pipe File System.
[[0;32m  OK  [0m] Mounted RPC Pipe File System.
[    7.424939] systemd[1]: Mounted Debug File System.
[[0;32m  OK  [0m] Mounted Debug File System.
[    7.435007] systemd[1]: Mounted POSIX Message Queue File System.
[[0;32m  OK  [0m] Mounted POSIX Message Queue File System.
[    7.445798] systemd[1]: Mounted Huge Pages File System.
[[0;32m  OK  [0m] Mounted Huge Pages File System.
[    7.452411] systemd[1]: Started Journal Service.
[    7.465965] iscsi: registered transport (iser)
[[0;32m  OK  [0m] Started Journal Service.
[[0;32m  OK  [0m] Started Create list of required sta...ce nodes for the current kernel.
[[0;32m  OK  [0m] Started Uncomplicated firewall.
[[0;32m  OK  [0m] Started Set console keymap.
[[0;32m  OK  [0m] Started Load Kernel Modules.
[[0;32m  OK  [0m] Started Remount Root and Kernel File Systems.
[[0;32m  OK  [0m] Started Nameserver information manager.
[    7.560077] random: nonblocking pool is initialized
[[0;32m  OK  [0m] Started LVM2 metadata daemon.
         Starting Load/Save Random Seed...
         Starting udev Coldplug all Devices...
         Mounting FUSE Control File System...
         Starting Apply Kernel Variables...
         Starting Create Static Device Nodes in /dev...
         Starting Flush Journal to Persistent Storage...
[[0;32m  OK  [0m] Mounted FUSE Control File System.
[[0;32m  OK  [0m] Started Load/Save Random Seed.
[[0;32m  OK  [0m] Started Apply Kernel Variables.
[[0;32m  OK  [0m] Started Flush Journal to Persistent Storage.
[[0;32m  OK  [0m] Started Create Static Device Nodes in /dev.
         Starting udev Kernel Device Manager...
[[0;32m  OK  [0m] Started udev Coldplug all Devices.
[[0;32m  OK  [0m] Started Monitoring of LVM2 mirrors,...ng dmeventd or progress polling.
[[0;32m  OK  [0m] Started udev Kernel Device Manager.
[[0;32m  OK  [0m] Started Dispatch Password Requests to Console Directory Watch.
[[0;32m  OK  [0m] Reached target Local File Systems (Pre).
[[0;32m  OK  [0m] Reached target Local File Systems.
         Starting Preprocess NFS configuration...
         Starting Tell Plymouth To Write Out Runtime Data...
         Starting LSB: AppArmor initialization...
         Starting Initial cloud-init job (pre-networking)...
         Starting LSB: ebtables ruleset management...
         Starting Create Volatile Files and Directories...
         Starting Set console font and keymap...
[[0;32m  OK  [0m] Started Preprocess NFS configuration.
[[0;32m  OK  [0m] Started Tell Plymouth To Write Out Runtime Data.
[[0;32m  OK  [0m] Reached target NFS client services.
[[0;32m  OK  [0m] Started Create Volatile Files and Directories.
         Starting Update UTMP about System Boot/Shutdown...
[[0;32m  OK  [0m] Started LSB: ebtables ruleset management.
[[0;32m  OK  [0m] Started Update UTMP about System Boot/Shutdown.
[[0;32m  OK  [0m] Started LSB: AppArmor initialization.
[[0;32m  OK  [0m] Found device /dev/ttyS0.
[[0;32m  OK  [0m] Listening on Load/Save RF Kill Switch Status /dev/rfkill Watch.
[[0;32m  OK  [0m] Found device 82540EM Gigabit Ethern...r (PRO/1000 MT Desktop Adapter).
[[0;32m  OK  [0m] Found device 82540EM Gigabit Ethern...r (PRO/1000 MT Desktop Adapter).
[[0;32m  OK  [0m] Started Set console font and keymap.
[[0;32m  OK  [0m] Created slice system-getty.slice.
[   10.167093] cloud-init[517]: Cloud-init v. 19.3-41-gc4735dd3-0ubuntu1~16.04.1 running 'init-local' at Thu, 09 Jan 2020 17:46:52 +0000. Up 9.52 seconds.
[[0;32m  OK  [0m] Started Initial cloud-init job (pre-networking).
[[0;32m  OK  [0m] Reached target Network (Pre).
[[0;32m  OK  [0m] Started ifup for enp0s3.
         Starting Raise network interfaces...
[[0;32m  OK  [0m] Started ifup for enp0s8.
[[0;32m  OK  [0m] Started Raise network interfaces.
         Starting Initial cloud-init job (metadata service crawler)...
[[0;32m  OK  [0m] Reached target Network.
[   12.918486] cloud-init[1153]: Cloud-init v. 19.3-41-gc4735dd3-0ubuntu1~16.04.1 running 'init' at Thu, 09 Jan 2020 17:46:55 +0000. Up 12.18 seconds.
[   12.922562] cloud-init[1153]: ci-info: ++++++++++++++++++++++++++++++++++++++Net device info+++++++++++++++++++++++++++++++++++++++
[   12.926272] cloud-init[1153]: ci-info: +--------+------+-----------------------------+---------------+--------+-------------------+
[   12.932799] cloud-init[1153]: ci-info: | Device |  Up  |           Address           |      Mask     | Scope  |     Hw-Address    |
[   12.935807] cloud-init[1153]: ci-info: +--------+------+-----------------------------+---------------+--------+-------------------+
[   12.941367] cloud-init[1153]: ci-info: | enp0s3 | True |          10.0.2.15          | 255.255.255.0 | global | 02:d7:6c:25:93:fc |
[   12.946993] cloud-init[1153]: ci-info: | enp0s3 | True |  fe80::d7:6cff:fe25:93fc/64 |       .       |  link  | 02:d7:6c:25:93:fc |
[   12.951364] cloud-init[1153]: ci-info: | enp0s8 | True |        192.168.33.22        | 255.255.255.0 | global | 08:00:27:44:8b:3d |
[   12.956630] cloud-init[1153]: ci-info: | enp0s8 | True | fe80::a00:27ff:fe44:8b3d/64 |       .       |  link  | 08:00:27:44:8b:3d |
[   12.969387] cloud-init[1153]: ci-info: |   lo   | True |          127.0.0.1          |   255.0.0.0   |  host  |         .         |
[   12.971798] cloud-init[1153]: ci-info: |   lo   | True |           ::1/128           |       .       |  host  |         .         |
[   12.974269] cloud-init[1153]: ci-info: +--------+------+-----------------------------+---------------+--------+-------------------+
[   12.977307] cloud-init[1153]: ci-info: ++++++++++++++++++++++++++++Route IPv4 info++++++++++++++++++++++++++++
[   12.985139] cloud-init[1153]: ci-info: +-------+--------------+----------+---------------+-----------+-------+
[   12.992713] cloud-init[1153]: ci-info: | Route | Destination  | Gateway  |    Genmask    | Interface | Flags |
[   12.995751] cloud-init[1153]: ci-info: +-------+--------------+----------+---------------+-----------+-------+
[   12.999732] cloud-init[1153]: ci-info: |   0   |   0.0.0.0    | 10.0.2.2 |    0.0.0.0    |   enp0s3  |   UG  |
[   13.003270] cloud-init[1153]: ci-info: |   1   |   10.0.2.0   | 0.0.0.0  | 255.255.255.0 |   enp0s3  |   U   |
[   13.006744] cloud-init[1153]: ci-info: |   2   | 192.168.33.0 | 0.0.0.0  | 255.255.255.0 |   enp0s8  |   U   |
[   13.017124] cloud-init[1153]: ci-info: +-------+--------------+----------+---------------+-----------+-------+
[   13.019558] cloud-init[1153]: ci-info: +++++++++++++++++++Route IPv6 info+++++++++++++++++++
[   13.033409] cloud-init[1153]: ci-info: +-------+-------------+---------+-----------+-------+
[   13.037616] cloud-init[1153]: ci-info: | Route | Destination | Gateway | Interface | Flags |
[   13.049291] cloud-init[1153]: ci-info: +-------+-------------+---------+-----------+-------+
[   13.060966] cloud-init[1153]: ci-info: |   0   |  fe80::/64  |    ::   |   enp0s8  |   U   |
[   13.064746] cloud-init[1153]: ci-info: |   1   |  fe80::/64  |    ::   |   enp0s3  |   U   |
[   13.067198] cloud-init[1153]: ci-info: |   5   |   ff00::/8  |    ::   |   enp0s8  |   U   |
[   13.070217] cloud-init[1153]: ci-info: |   6   |   ff00::/8  |    ::   |   enp0s3  |   U   |
[   13.073588] cloud-init[1153]: ci-info: +-------+-------------+---------+-----------+-------+
[[0;32m  OK  [0m] Started Initial cloud-init job (metadata service crawler).
[[0;32m  OK  [0m] Reached target Cloud-config availability.
[[0;32m  OK  [0m] Reached target Network is Online.
         Starting iSCSI initiator daemon (iscsid)...
[[0;32m  OK  [0m] Reached target System Initialization.
[[0;32m  OK  [0m] Listening on UUID daemon activation socket.
[[0;32m  OK  [0m] Listening on ACPID Listen Socket.
[[0;32m  OK  [0m] Started Message of the Day.
[[0;32m  OK  [0m] Started Daily Cleanup of Temporary Directories.
[[0;32m  OK  [0m] Started Daily apt download activities.
         Starting Socket activation for snappy daemon.
[[0;32m  OK  [0m] Listening on D-Bus System Message Bus Socket.
[[0;32m  OK  [0m] Started Daily apt upgrade and clean activities.
[[0;32m  OK  [0m] Started ACPI Events Check.
[[0;32m  OK  [0m] Reached target Paths.
[[0;32m  OK  [0m] Listening on RPCbind Server Activation Socket.
         Starting LXD - unix socket.
         Starting Docker Socket for the API.
[[0;32m  OK  [0m] Listening on Avahi mDNS/DNS-SD Stack Activation Socket.
[[0;32m  OK  [0m] Reached target Timers.
[[0;32m  OK  [0m] Listening on Socket activation for snappy daemon.
[[0;32m  OK  [0m] Listening on LXD - unix socket.
[[0;32m  OK  [0m] Listening on Docker Socket for the API.
[[0;32m  OK  [0m] Started iSCSI initiator daemon (iscsid).
         Starting Login to default iSCSI targets...
[[0;32m  OK  [0m] Reached target Sockets.
[[0;32m  OK  [0m] Reached target Basic System.
         Starting LXD - container startup/shutdown...
[[0;32m  OK  [0m] Started Regular background program processing daemon.
         Starting LSB: MD monitoring daemon...
         Starting Virtualbox guest utils...
[[0;32m  OK  [0m] Started ACPI event daemon.
         Starting OpenBSD Secure Shell server...
         Starting Login Service...
         Starting Avahi mDNS/DNS-SD Stack...
[[0;32m  OK  [0m] Started Deferred execution scheduler.
[[0;32m  OK  [0m] Started FUSE filesystem for LXC.
         Starting LSB: Record successful boot for GRUB...
[[0;32m  OK  [0m] Started D-Bus System Message Bus.
[[0;32m  OK  [0m] Started Avahi mDNS/DNS-SD Stack.
         Starting /etc/rc.local Compatibility...
         Starting System Logging Service...
         Starting containerd container runtime...
         Starting Accounts Service...
[[0;32m  OK  [0m] Started kubelet: The Kubernetes Node Agent.
         Starting Snappy daemon...
[[0;32m  OK  [0m] Started System Logging Service.
[[0;32m  OK  [0m] Started /etc/rc.local Compatibility.
[[0;32m  OK  [0m] Started containerd container runtime.
         Starting Docker Application Container Engine...
[[0;32m  OK  [0m] Started OpenBSD Secure Shell server.
[[0;32m  OK  [0m] Started LXD - container startup/shutdown.
[[0;32m  OK  [0m] Started Login Service.
[[0;32m  OK  [0m] Started LSB: Record successful boot for GRUB.
[[0;32m  OK  [0m] Started Unattended Upgrades Shutdown.
[[0;32m  OK  [0m] Started Login to default iSCSI targets.
[[0;32m  OK  [0m] Reached target Remote File Systems (Pre).
[[0;32m  OK  [0m] Reached target Remote File Systems.
         Starting LSB: Set up cgroupfs mounts....
         Starting LSB: automatic crash report generation...
         Starting LSB: Set the CPU Frequency Scaling governor to "ondemand"...
         Starting LSB: daemon to balance interrupts for SMP systems...
         Starting LSB: Automounts filesystems on demand...
         Starting Permit User Sessions...
[[0;32m  OK  [0m] Started LSB: MD monitoring daemon.
[[0;32m  OK  [0m] Started LSB: Set up cgroupfs mounts..
[[0;32m  OK  [0m] Started Permit User Sessions.
         Starting Authenticate and Authorize Users to Run Privileged Tasks...
         Starting Terminate Plymouth Boot Screen...
         Starting Hold until boot process finishes up...
[[0;32m  OK  [0m] Started Hold until boot process finishes up.
[[0;32m  OK  [0m] Started Terminate Plymouth Boot Screen.
[[0;32m  OK  [0m] Started Serial Getty on ttyS0.
         Starting Set console scheme...
[[0;32m  OK  [0m] Started Getty on tty1.
[[0;32m  OK  [0m] Reached target Login Prompts.
[[0;32m  OK  [0m] Started Virtualbox guest utils.
[[0;32m  OK  [0m] Started Set console scheme.
[[0;32m  OK  [0m] Started LSB: Set the CPU Frequency Scaling governor to "ondemand".
[[0;32m  OK  [0m] Started LSB: automatic crash report generation.
[[0;32m  OK  [0m] Started LSB: daemon to balance interrupts for SMP systems.
[[0;32m  OK  [0m] Started Authenticate and Authorize Users to Run Privileged Tasks.
[[0;32m  OK  [0m] Started Accounts Service.
[[0;32m  OK  [0m] Started LSB: Automounts filesystems on demand.
[[0;32m  OK  [0m] Created slice User Slice of vagrant.
         Starting User Manager for UID 1000...
[[0;32m  OK  [0m] Started Session 1 of user vagrant.
[[0;32m  OK  [0m] Started User Manager for UID 1000.
[[0;32m  OK  [0m] Started Snappy daemon.
         Starting Wait until snapd is fully seeded...
[[0;32m  OK  [0m] Started Wait until snapd is fully seeded.
         Starting Apply the settings specified in cloud-config...
[[0;32m  OK  [0m] Started Kubernetes systemd probe.
[   18.460868] cloud-init[1542]: Cloud-init v. 19.3-41-gc4735dd3-0ubuntu1~16.04.1 running 'modules:config' at Thu, 09 Jan 2020 17:47:01 +0000. Up 17.90 seconds.
[[0;32m  OK  [0m] Started Apply the settings specified in cloud-config.
[[0;32m  OK  [0m] Started Docker Application Container Engine.
[[0;32m  OK  [0m] Reached target Multi-User System.
[[0;32m  OK  [0m] Reached target Graphical Interface.
         Starting Update UTMP about System Runlevel Changes...
         Starting Execute cloud user/final scripts...
[[0;32m  OK  [0m] Started Update UTMP about System Runlevel Changes.

Ubuntu 16.04.6 LTS node-2 ttyS0

node-2 login: [   20.953487] cloud-init[1854]: Cloud-init v. 19.3-41-gc4735dd3-0ubuntu1~16.04.1 running 'modules:final' at Thu, 09 Jan 2020 17:47:03 +0000. Up 20.55 seconds.
[   20.953885] cloud-init[1854]: Cloud-init v. 19.3-41-gc4735dd3-0ubuntu1~16.04.1 finished at Thu, 09 Jan 2020 17:47:04 +0000. Datasource DataSourceNoCloud [seed=/dev/sdb][dsmode=net].  Up 20.91 seconds
